
<ul>
    <li><a href='/hello-world'>Hello World!</a></li>
</ul>