
<ul>
    <li><a href="/people/1">Alan</a>
</li>
    <li><a href="/people/2">John</a>
</li>
</ul>
